PIN_OK omarchy 9cf712d75830f4ccb62a349d1c64baee65a7cfee
PIN_OK packages ff0dcb86d24d876f4e237a7852ef146e8949cdee
SKIPPED kernel (explicit --without-kernel)
PIN_OK noVNC bef170ebf149cffa0d1c61eb0e4a77a737391f35
Source pins verified. Arch dependency repositories remain rolling.
==> Making package: luajit 2.1.1786451769-1.1 (Sun Sep  6 02:06:17 2026)
==> Checking runtime dependencies...
==> Checking buildtime dependencies...
==> Retrieving sources...
  -> Found LuaJIT-2c509ee67e20772bce3a11ce8f53b6b14b4980bb.tar.gz
  -> Found equality.lua
==> Validating source files with sha256sums...
    LuaJIT-2c509ee67e20772bce3a11ce8f53b6b14b4980bb.tar.gz ... Passed
    equality.lua ... ==> Extracting sources...
  -> Extracting LuaJIT-2c509ee67e20772bce3a11ce8f53b6b14b4980bb.tar.gz with bsdtar
==> Removing existing $pkgdir/ directory...
Passed
==> Starting build()...
==== Building LuaJIT 2.1 ====
make -C src
make[1]: Entering directory '/home/afonso/.cache/omarchy-k3/packages/luajit/src/LuaJIT-2c509ee67e20772bce3a11ce8f53b6b14b4980bb/src'
make[1]: Nothing to be done for 'default'.
make[1]: Leaving directory '/home/afonso/.cache/omarchy-k3/packages/luajit/src/LuaJIT-2c509ee67e20772bce3a11ce8f53b6b14b4980bb/src'
==== Successfully built LuaJIT 2.1 ====
==> Starting check()...
LUA_EQUALITY_STRESS_OK	LuaJIT 2.1.1786451769
==> Entering fakeroot environment...
==> Starting package()...
==== Installing LuaJIT 2.1.1786451769 to /usr ====
mkdir -p /home/afonso/.cache/omarchy-k3/packages/luajit/pkg/luajit/usr/bin /home/afonso/.cache/omarchy-k3/packages/luajit/pkg/luajit/usr/lib /home/afonso/.cache/omarchy-k3/packages/luajit/pkg/luajit/usr/include/luajit-2.1 /home/afonso/.cache/omarchy-k3/packages/luajit/pkg/luajit/usr/share/man/man1 /home/afonso/.cache/omarchy-k3/packages/luajit/pkg/luajit/usr/lib/pkgconfig /home/afonso/.cache/omarchy-k3/packages/luajit/pkg/luajit/usr/share/luajit-2.1/jit /home/afonso/.cache/omarchy-k3/packages/luajit/pkg/luajit/usr/share/lua/5.1 /home/afonso/.cache/omarchy-k3/packages/luajit/pkg/luajit/usr/lib/lua/5.1
cd src && install -m 0755 luajit /home/afonso/.cache/omarchy-k3/packages/luajit/pkg/luajit/usr/bin/luajit-2.1.1786451769
cd src && test -f libluajit.a && install -m 0644 libluajit.a /home/afonso/.cache/omarchy-k3/packages/luajit/pkg/luajit/usr/lib/libluajit-5.1.a || :
rm -f /home/afonso/.cache/omarchy-k3/packages/luajit/pkg/luajit/usr/lib/libluajit-5.1.so.2.1.1786451769 /home/afonso/.cache/omarchy-k3/packages/luajit/pkg/luajit/usr/lib/libluajit-5.1.so /home/afonso/.cache/omarchy-k3/packages/luajit/pkg/luajit/usr/lib/libluajit-5.1.so.2
cd src && test -f libluajit.so && \
  install -m 0755 libluajit.so /home/afonso/.cache/omarchy-k3/packages/luajit/pkg/luajit/usr/lib/libluajit-5.1.so.2.1.1786451769 && \
  ( ldconfig -n 2>/dev/null /home/afonso/.cache/omarchy-k3/packages/luajit/pkg/luajit/usr/lib || : ) && \
  ln -sf libluajit-5.1.so.2.1.1786451769 /home/afonso/.cache/omarchy-k3/packages/luajit/pkg/luajit/usr/lib/libluajit-5.1.so && \
  ln -sf libluajit-5.1.so.2.1.1786451769 /home/afonso/.cache/omarchy-k3/packages/luajit/pkg/luajit/usr/lib/libluajit-5.1.so.2 || :
cd etc && install -m 0644 luajit.1 /home/afonso/.cache/omarchy-k3/packages/luajit/pkg/luajit/usr/share/man/man1
cd etc && sed -e "s|^prefix=.*|prefix=/usr|" -e "s|^multilib=.*|multilib=lib|" -e "s|^relver=.*|relver=1786451769|" luajit.pc > luajit.pc.tmp && \
  install -m 0644 luajit.pc.tmp /home/afonso/.cache/omarchy-k3/packages/luajit/pkg/luajit/usr/lib/pkgconfig/luajit.pc && \
  rm -f luajit.pc.tmp
cd src && install -m 0644 lua.h lualib.h lauxlib.h luaconf.h lua.hpp luajit.h /home/afonso/.cache/omarchy-k3/packages/luajit/pkg/luajit/usr/include/luajit-2.1
cd src/jit && install -m 0644 bc.lua bcsave.lua dump.lua p.lua v.lua zone.lua dis_x86.lua dis_x64.lua dis_arm.lua dis_arm64.lua dis_arm64be.lua dis_ppc.lua dis_mips.lua dis_mipsel.lua dis_mips64.lua dis_mips64el.lua dis_mips64r6.lua dis_mips64r6el.lua dis_riscv.lua dis_riscv64.lua vmdef.lua /home/afonso/.cache/omarchy-k3/packages/luajit/pkg/luajit/usr/share/luajit-2.1/jit
ln -sf luajit-2.1.1786451769 /home/afonso/.cache/omarchy-k3/packages/luajit/pkg/luajit/usr/bin/luajit
==== Successfully installed LuaJIT 2.1.1786451769 to /usr ====
==> Tidying install...
  -> Removing libtool files...
  -> Purging unreproducible ruby files...
  -> Removing static library files...
  -> Purging unwanted files...
  -> Stripping unneeded symbols from binaries and libraries...
  -> Compressing man and info pages...
==> Checking for packaging issues...
==> Creating package "luajit"...
  -> Generating .PKGINFO file...
  -> Generating .BUILDINFO file...
  -> Generating .MTREE file...
  -> Compressing package...
==> Leaving fakeroot environment.
==> Finished making: luajit 2.1.1786451769-1.1 (Sun Sep  6 02:06:21 2026)
warning: luajit-2.1.1786451769-1.1 is up to date -- skipping
loading packages...
 there is nothing to do
Requested native package builds completed.
